18:31:53 **** Incremental Build of configuration Debug for project communication ****
make pre-build main-build 
a9-linaro-pre-build-step
' '
make: Nothing to be done for `main-build'.
18:32:02 **** Incremental Build of configuration Debug for project communication ****
make pre-build main-build 
a9-linaro-pre-build-step
' '
make: Nothing to be done for `main-build'.
18:32:33 **** Incremental Build of configuration Debug for project communication ****
make pre-build main-build 
a9-linaro-pre-build-step
' '
'Building file: ../src/helloworld.c'
'Invoking: ARM v7 gcc compiler'
arm-none-eabi-gcc -Wall -O0 -g3 -c -fmessage-length=0 -MT"src/helloworld.o" -mcpu=cortex-a9 -mfpu=vfpv3 -mfloat-abi=hard -I../../communication_bsp/ps7_cortexa9_0/include -MMD -MP -MF"src/helloworld.d" -MT"src/helloworld.o" -o "src/helloworld.o" "../src/helloworld.c"
In file included from ../src/helloworld.c:9:0:
../../communication_bsp/ps7_cortexa9_0/include/xtime_l.h:89:9: note: #pragma message: For the sleep routines, Global timer is being used
 #pragma message ("For the sleep routines, Global timer is being used")
         ^~~~~~~
../src/helloworld.c: In function 'main':
../src/helloworld.c:40:6: warning: unused variable 'imageWaiting' [-Wunused-variable]
  int imageWaiting = 1;
      ^~~~~~~~~~~~
../src/helloworld.c:39:6: warning: unused variable 'totalSent' [-Wunused-variable]
  u32 totalSent = 0;
      ^~~~~~~~~
../src/helloworld.c:38:6: warning: unused variable 'totalReceived' [-Wunused-variable]
  u32 totalReceived = 0;
      ^~~~~~~~~~~~~
../src/helloworld.c:35:6: warning: unused variable 'status' [-Wunused-variable]
  u32 status;
      ^~~~~~
../src/helloworld.c:33:5: warning: unused variable 'tempArray' [-Wunused-variable]
  u8 tempArray[2500];
     ^~~~~~~~~
../src/helloworld.c: At top level:
../src/helloworld.c:49:2: error: expected identifier or '(' before 'return'
  return 0;
  ^~~~~~
../src/helloworld.c:50:1: error: expected identifier or '(' before '}' token
 }
 ^
make: *** [src/helloworld.o] Error 1
18:32:41 **** Auto Build of configuration Debug for project communication ****
make pre-build main-build 
a9-linaro-pre-build-step
' '
'Building file: ../src/helloworld.c'
'Invoking: ARM v7 gcc compiler'
arm-none-eabi-gcc -Wall -O0 -g3 -c -fmessage-length=0 -MT"src/helloworld.o" -mcpu=cortex-a9 -mfpu=vfpv3 -mfloat-abi=hard -I../../communication_bsp/ps7_cortexa9_0/include -MMD -MP -MF"src/helloworld.d" -MT"src/helloworld.o" -o "src/helloworld.o" "../src/helloworld.c"
In file included from ../src/helloworld.c:9:0:
../../communication_bsp/ps7_cortexa9_0/include/xtime_l.h:89:9: note: #pragma message: For the sleep routines, Global timer is being used
 #pragma message ("For the sleep routines, Global timer is being used")
         ^~~~~~~
../src/helloworld.c: In function 'main':
../src/helloworld.c:40:6: warning: unused variable 'imageWaiting' [-Wunused-variable]
  int imageWaiting = 1;
      ^~~~~~~~~~~~
../src/helloworld.c:39:6: warning: unused variable 'totalSent' [-Wunused-variable]
  u32 totalSent = 0;
      ^~~~~~~~~
../src/helloworld.c:38:6: warning: unused variable 'totalReceived' [-Wunused-variable]
  u32 totalReceived = 0;
      ^~~~~~~~~~~~~
../src/helloworld.c:35:6: warning: unused variable 'status' [-Wunused-variable]
  u32 status;
      ^~~~~~
../src/helloworld.c:33:5: warning: unused variable 'tempArray' [-Wunused-variable]
  u8 tempArray[2500];
     ^~~~~~~~~
'Finished building: ../src/helloworld.c'
' '
'Building target: communication.elf'
'Invoking: ARM v7 gcc linker'
arm-none-eabi-gcc -mcpu=cortex-a9 -mfpu=vfpv3 -mfloat-abi=hard -Wl,-build-id=none -specs=Xilinx.spec -Wl,-T -Wl,../src/lscript.ld -L../../communication_bsp/ps7_cortexa9_0/lib -o "communication.elf"  ./src/helloworld.o ./src/platform.o   -Wl,--start-group,-lxil,-lgcc,-lc,--end-group
'Finished building target: communication.elf'
' '
'Invoking: ARM v7 Print Size'
arm-none-eabi-size communication.elf  |tee "communication.elf.size"
   text	   data	    bss	    dec	    hex	filename
  19200	   1144	  22584	  42928	   a7b0	communication.elf
'Finished building: communication.elf.size'
' '
18:33:07 **** Incremental Build of configuration Debug for project communication ****
make pre-build main-build 
a9-linaro-pre-build-step
' '
make: Nothing to be done for `main-build'.
18:33:26 **** Incremental Build of configuration Debug for project communication ****
make pre-build main-build 
a9-linaro-pre-build-step
' '
make: Nothing to be done for `main-build'.
18:50:45 **** Auto Build of configuration Debug for project communication ****
make pre-build main-build 
a9-linaro-pre-build-step
' '
make: Nothing to be done for `main-build'.
19:54:29 **** Clean-only build of project communication_bsp ****
make -k clean 
make -C ps7_cortexa9_0/libsrc/bram_v4_2/src -s clean 
make -C ps7_cortexa9_0/libsrc/coresightps_dcc_v1_4/src -s clean 
make -C ps7_cortexa9_0/libsrc/cpu_cortexa9_v2_6/src -s clean 
make -C ps7_cortexa9_0/libsrc/ddrps_v1_0/src -s clean 
make -C ps7_cortexa9_0/libsrc/devcfg_v3_5/src -s clean 
make -C ps7_cortexa9_0/libsrc/dmaps_v2_3/src -s clean 
make -C ps7_cortexa9_0/libsrc/scugic_v3_9/src -s clean 
make -C ps7_cortexa9_0/libsrc/scutimer_v2_1/src -s clean 
make -C ps7_cortexa9_0/libsrc/scuwdt_v2_1/src -s clean 
make -C ps7_cortexa9_0/libsrc/standalone_v6_7/src -s clean 
make -C ps7_cortexa9_0/libsrc/uartps_v3_6/src -s clean 
make -C ps7_cortexa9_0/libsrc/xadcps_v2_2/src -s clean 
rm -f ps7_cortexa9_0/lib/libxil.a
19:54:30 **** Clean-only build of configuration Debug for project communication ****
make clean 
rm -rf  ./src/helloworld.o ./src/platform.o  ./src/helloworld.d ./src/platform.d  communication.elf.size  communication.elf
' '
19:54:30 **** Build of project communication_bsp ****
make -k all 
"Running Make include in ps7_cortexa9_0/libsrc/bram_v4_2/src"
make -C ps7_cortexa9_0/libsrc/bram_v4_2/src -s include  "SHELL=CMD" "COMPILER=arm-none-eabi-gcc" "ARCHIVER=arm-none-eabi-ar" "COMPILER_FLAGS=  -O2 -c" "EXTRA_COMPILER_FLAGS=-mcpu=cortex-a9 -mfpu=vfpv3 -mfloat-abi=hard -nostartfiles -g -Wall -Wextra"
"Running Make include in ps7_cortexa9_0/libsrc/coresightps_dcc_v1_4/src"
make -C ps7_cortexa9_0/libsrc/coresightps_dcc_v1_4/src -s include  "SHELL=CMD" "COMPILER=arm-none-eabi-gcc" "ARCHIVER=arm-none-eabi-ar" "COMPILER_FLAGS=  -O2 -c" "EXTRA_COMPILER_FLAGS=-mcpu=cortex-a9 -mfpu=vfpv3 -mfloat-abi=hard -nostartfiles -g -Wall -Wextra"
"Running Make include in ps7_cortexa9_0/libsrc/cpu_cortexa9_v2_6/src"
make -C ps7_cortexa9_0/libsrc/cpu_cortexa9_v2_6/src -s include  "SHELL=CMD" "COMPILER=arm-none-eabi-gcc" "ARCHIVER=arm-none-eabi-ar" "COMPILER_FLAGS=  -O2 -c" "EXTRA_COMPILER_FLAGS=-mcpu=cortex-a9 -mfpu=vfpv3 -mfloat-abi=hard -nostartfiles -g -Wall -Wextra"
"Running Make include in ps7_cortexa9_0/libsrc/ddrps_v1_0/src"
make -C ps7_cortexa9_0/libsrc/ddrps_v1_0/src -s include  "SHELL=CMD" "COMPILER=arm-none-eabi-gcc" "ARCHIVER=arm-none-eabi-ar" "COMPILER_FLAGS=  -O2 -c" "EXTRA_COMPILER_FLAGS=-mcpu=cortex-a9 -mfpu=vfpv3 -mfloat-abi=hard -nostartfiles -g -Wall -Wextra"
"Running Make include in ps7_cortexa9_0/libsrc/devcfg_v3_5/src"
make -C ps7_cortexa9_0/libsrc/devcfg_v3_5/src -s include  "SHELL=CMD" "COMPILER=arm-none-eabi-gcc" "ARCHIVER=arm-none-eabi-ar" "COMPILER_FLAGS=  -O2 -c" "EXTRA_COMPILER_FLAGS=-mcpu=cortex-a9 -mfpu=vfpv3 -mfloat-abi=hard -nostartfiles -g -Wall -Wextra"
"Running Make include in ps7_cortexa9_0/libsrc/dmaps_v2_3/src"
make -C ps7_cortexa9_0/libsrc/dmaps_v2_3/src -s include  "SHELL=CMD" "COMPILER=arm-none-eabi-gcc" "ARCHIVER=arm-none-eabi-ar" "COMPILER_FLAGS=  -O2 -c" "EXTRA_COMPILER_FLAGS=-mcpu=cortex-a9 -mfpu=vfpv3 -mfloat-abi=hard -nostartfiles -g -Wall -Wextra"
"Running Make include in ps7_cortexa9_0/libsrc/scugic_v3_9/src"
make -C ps7_cortexa9_0/libsrc/scugic_v3_9/src -s include  "SHELL=CMD" "COMPILER=arm-none-eabi-gcc" "ARCHIVER=arm-none-eabi-ar" "COMPILER_FLAGS=  -O2 -c" "EXTRA_COMPILER_FLAGS=-mcpu=cortex-a9 -mfpu=vfpv3 -mfloat-abi=hard -nostartfiles -g -Wall -Wextra"
"Running Make include in ps7_cortexa9_0/libsrc/scutimer_v2_1/src"
make -C ps7_cortexa9_0/libsrc/scutimer_v2_1/src -s include  "SHELL=CMD" "COMPILER=arm-none-eabi-gcc" "ARCHIVER=arm-none-eabi-ar" "COMPILER_FLAGS=  -O2 -c" "EXTRA_COMPILER_FLAGS=-mcpu=cortex-a9 -mfpu=vfpv3 -mfloat-abi=hard -nostartfiles -g -Wall -Wextra"
"Running Make include in ps7_cortexa9_0/libsrc/scuwdt_v2_1/src"
make -C ps7_cortexa9_0/libsrc/scuwdt_v2_1/src -s include  "SHELL=CMD" "COMPILER=arm-none-eabi-gcc" "ARCHIVER=arm-none-eabi-ar" "COMPILER_FLAGS=  -O2 -c" "EXTRA_COMPILER_FLAGS=-mcpu=cortex-a9 -mfpu=vfpv3 -mfloat-abi=hard -nostartfiles -g -Wall -Wextra"
"Running Make include in ps7_cortexa9_0/libsrc/standalone_v6_7/src"
make -C ps7_cortexa9_0/libsrc/standalone_v6_7/src -s include  "SHELL=CMD" "COMPILER=arm-none-eabi-gcc" "ARCHIVER=arm-none-eabi-ar" "COMPILER_FLAGS=  -O2 -c" "EXTRA_COMPILER_FLAGS=-mcpu=cortex-a9 -mfpu=vfpv3 -mfloat-abi=hard -nostartfiles -g -Wall -Wextra"
"Running Make include in ps7_cortexa9_0/libsrc/uartps_v3_6/src"
make -C ps7_cortexa9_0/libsrc/uartps_v3_6/src -s include  "SHELL=CMD" "COMPILER=arm-none-eabi-gcc" "ARCHIVER=arm-none-eabi-ar" "COMPILER_FLAGS=  -O2 -c" "EXTRA_COMPILER_FLAGS=-mcpu=cortex-a9 -mfpu=vfpv3 -mfloat-abi=hard -nostartfiles -g -Wall -Wextra"
"Running Make include in ps7_cortexa9_0/libsrc/xadcps_v2_2/src"
make -C ps7_cortexa9_0/libsrc/xadcps_v2_2/src -s include  "SHELL=CMD" "COMPILER=arm-none-eabi-gcc" "ARCHIVER=arm-none-eabi-ar" "COMPILER_FLAGS=  -O2 -c" "EXTRA_COMPILER_FLAGS=-mcpu=cortex-a9 -mfpu=vfpv3 -mfloat-abi=hard -nostartfiles -g -Wall -Wextra"
"Running Make libs in ps7_cortexa9_0/libsrc/bram_v4_2/src"
make -C ps7_cortexa9_0/libsrc/bram_v4_2/src -s libs  "SHELL=CMD" "COMPILER=arm-none-eabi-gcc" "ARCHIVER=arm-none-eabi-ar" "COMPILER_FLAGS=  -O2 -c" "EXTRA_COMPILER_FLAGS=-mcpu=cortex-a9 -mfpu=vfpv3 -mfloat-abi=hard -nostartfiles -g -Wall -Wextra"
"Compiling bram"
arm-none-eabi-ar: creating ../../../lib/libxil.a
"Running Make libs in ps7_cortexa9_0/libsrc/coresightps_dcc_v1_4/src"
make -C ps7_cortexa9_0/libsrc/coresightps_dcc_v1_4/src -s libs  "SHELL=CMD" "COMPILER=arm-none-eabi-gcc" "ARCHIVER=arm-none-eabi-ar" "COMPILER_FLAGS=  -O2 -c" "EXTRA_COMPILER_FLAGS=-mcpu=cortex-a9 -mfpu=vfpv3 -mfloat-abi=hard -nostartfiles -g -Wall -Wextra"
"Compiling coresightps_dcc"
"Running Make libs in ps7_cortexa9_0/libsrc/cpu_cortexa9_v2_6/src"
make -C ps7_cortexa9_0/libsrc/cpu_cortexa9_v2_6/src -s libs  "SHELL=CMD" "COMPILER=arm-none-eabi-gcc" "ARCHIVER=arm-none-eabi-ar" "COMPILER_FLAGS=  -O2 -c" "EXTRA_COMPILER_FLAGS=-mcpu=cortex-a9 -mfpu=vfpv3 -mfloat-abi=hard -nostartfiles -g -Wall -Wextra"
"Compiling cpu_cortexa9"
"Running Make libs in ps7_cortexa9_0/libsrc/ddrps_v1_0/src"
make -C ps7_cortexa9_0/libsrc/ddrps_v1_0/src -s libs  "SHELL=CMD" "COMPILER=arm-none-eabi-gcc" "ARCHIVER=arm-none-eabi-ar" "COMPILER_FLAGS=  -O2 -c" "EXTRA_COMPILER_FLAGS=-mcpu=cortex-a9 -mfpu=vfpv3 -mfloat-abi=hard -nostartfiles -g -Wall -Wextra"
"Compiling ddrps"
"Running Make libs in ps7_cortexa9_0/libsrc/devcfg_v3_5/src"
make -C ps7_cortexa9_0/libsrc/devcfg_v3_5/src -s libs  "SHELL=CMD" "COMPILER=arm-none-eabi-gcc" "ARCHIVER=arm-none-eabi-ar" "COMPILER_FLAGS=  -O2 -c" "EXTRA_COMPILER_FLAGS=-mcpu=cortex-a9 -mfpu=vfpv3 -mfloat-abi=hard -nostartfiles -g -Wall -Wextra"
"Compiling devcfg"
"Running Make libs in ps7_cortexa9_0/libsrc/dmaps_v2_3/src"
make -C ps7_cortexa9_0/libsrc/dmaps_v2_3/src -s libs  "SHELL=CMD" "COMPILER=arm-none-eabi-gcc" "ARCHIVER=arm-none-eabi-ar" "COMPILER_FLAGS=  -O2 -c" "EXTRA_COMPILER_FLAGS=-mcpu=cortex-a9 -mfpu=vfpv3 -mfloat-abi=hard -nostartfiles -g -Wall -Wextra"
"Compiling dmaps"
"Running Make libs in ps7_cortexa9_0/libsrc/scugic_v3_9/src"
make -C ps7_cortexa9_0/libsrc/scugic_v3_9/src -s libs  "SHELL=CMD" "COMPILER=arm-none-eabi-gcc" "ARCHIVER=arm-none-eabi-ar" "COMPILER_FLAGS=  -O2 -c" "EXTRA_COMPILER_FLAGS=-mcpu=cortex-a9 -mfpu=vfpv3 -mfloat-abi=hard -nostartfiles -g -Wall -Wextra"
"Compiling scugic"
"Running Make libs in ps7_cortexa9_0/libsrc/scutimer_v2_1/src"
make -C ps7_cortexa9_0/libsrc/scutimer_v2_1/src -s libs  "SHELL=CMD" "COMPILER=arm-none-eabi-gcc" "ARCHIVER=arm-none-eabi-ar" "COMPILER_FLAGS=  -O2 -c" "EXTRA_COMPILER_FLAGS=-mcpu=cortex-a9 -mfpu=vfpv3 -mfloat-abi=hard -nostartfiles -g -Wall -Wextra"
"Compiling scutimer"
"Running Make libs in ps7_cortexa9_0/libsrc/scuwdt_v2_1/src"
make -C ps7_cortexa9_0/libsrc/scuwdt_v2_1/src -s libs  "SHELL=CMD" "COMPILER=arm-none-eabi-gcc" "ARCHIVER=arm-none-eabi-ar" "COMPILER_FLAGS=  -O2 -c" "EXTRA_COMPILER_FLAGS=-mcpu=cortex-a9 -mfpu=vfpv3 -mfloat-abi=hard -nostartfiles -g -Wall -Wextra"
"Compiling scuwdt"
"Running Make libs in ps7_cortexa9_0/libsrc/standalone_v6_7/src"
make -C ps7_cortexa9_0/libsrc/standalone_v6_7/src -s libs  "SHELL=CMD" "COMPILER=arm-none-eabi-gcc" "ARCHIVER=arm-none-eabi-ar" "COMPILER_FLAGS=  -O2 -c" "EXTRA_COMPILER_FLAGS=-mcpu=cortex-a9 -mfpu=vfpv3 -mfloat-abi=hard -nostartfiles -g -Wall -Wextra"
"Compiling standalone"
"Running Make libs in ps7_cortexa9_0/libsrc/uartps_v3_6/src"
make -C ps7_cortexa9_0/libsrc/uartps_v3_6/src -s libs  "SHELL=CMD" "COMPILER=arm-none-eabi-gcc" "ARCHIVER=arm-none-eabi-ar" "COMPILER_FLAGS=  -O2 -c" "EXTRA_COMPILER_FLAGS=-mcpu=cortex-a9 -mfpu=vfpv3 -mfloat-abi=hard -nostartfiles -g -Wall -Wextra"
"Compiling uartps"
"Running Make libs in ps7_cortexa9_0/libsrc/xadcps_v2_2/src"
make -C ps7_cortexa9_0/libsrc/xadcps_v2_2/src -s libs  "SHELL=CMD" "COMPILER=arm-none-eabi-gcc" "ARCHIVER=arm-none-eabi-ar" "COMPILER_FLAGS=  -O2 -c" "EXTRA_COMPILER_FLAGS=-mcpu=cortex-a9 -mfpu=vfpv3 -mfloat-abi=hard -nostartfiles -g -Wall -Wextra"
"Compiling xadcps"
'Finished building libraries'
19:54:42 **** Build of configuration Debug for project communication ****
make pre-build main-build 
a9-linaro-pre-build-step
' '
'Building file: ../src/helloworld.c'
'Invoking: ARM v7 gcc compiler'
arm-none-eabi-gcc -Wall -O0 -g3 -c -fmessage-length=0 -MT"src/helloworld.o" -mcpu=cortex-a9 -mfpu=vfpv3 -mfloat-abi=hard -I../../communication_bsp/ps7_cortexa9_0/include -MMD -MP -MF"src/helloworld.d" -MT"src/helloworld.o" -o "src/helloworld.o" "../src/helloworld.c"
../src/helloworld.c: In function 'main':
../src/helloworld.c:40:6: warning: unused variable 'imageWaiting' [-Wunused-variable]
  int imageWaiting = 1;
      ^~~~~~~~~~~~
../src/helloworld.c:39:6: warning: unused variable 'totalSent' [-Wunused-variable]
  u32 totalSent = 0;
      ^~~~~~~~~
../src/helloworld.c:38:6: warning: unused variable 'totalReceived' [-Wunused-variable]
  u32 totalReceived = 0;
      ^~~~~~~~~~~~~
../src/helloworld.c:35:6: warning: unused variable 'status' [-Wunused-variable]
  u32 status;
      ^~~~~~
../src/helloworld.c:33:5: warning: unused variable 'tempArray' [-Wunused-variable]
  u8 tempArray[2500];
     ^~~~~~~~~
'Finished building: ../src/helloworld.c'
' '
'Building file: ../src/platform.c'
'Invoking: ARM v7 gcc compiler'
arm-none-eabi-gcc -Wall -O0 -g3 -c -fmessage-length=0 -MT"src/platform.o" -mcpu=cortex-a9 -mfpu=vfpv3 -mfloat-abi=hard -I../../communication_bsp/ps7_cortexa9_0/include -MMD -MP -MF"src/platform.d" -MT"src/platform.o" -o "src/platform.o" "../src/platform.c"
'Finished building: ../src/platform.c'
' '
'Building target: communication.elf'
'Invoking: ARM v7 gcc linker'
arm-none-eabi-gcc -mcpu=cortex-a9 -mfpu=vfpv3 -mfloat-abi=hard -Wl,-build-id=none -specs=Xilinx.spec -Wl,-T -Wl,../src/lscript.ld -L../../communication_bsp/ps7_cortexa9_0/lib -o "communication.elf"  ./src/helloworld.o ./src/platform.o   -Wl,--start-group,-lxil,-lgcc,-lc,--end-group
'Finished building target: communication.elf'
' '
'Invoking: ARM v7 Print Size'
arm-none-eabi-size communication.elf  |tee "communication.elf.size"
   text	   data	    bss	    dec	    hex	filename
  19200	   1144	  22584	  42928	   a7b0	communication.elf
'Finished building: communication.elf.size'
' '
19:55:55 **** Incremental Build of configuration Debug for project communication ****
make pre-build main-build 
a9-linaro-pre-build-step
' '
make: Nothing to be done for `main-build'.
19:56:15 **** Incremental Build of configuration Debug for project communication ****
make pre-build main-build 
a9-linaro-pre-build-step
' '
make: Nothing to be done for `main-build'.
19:58:15 **** Auto Build of configuration Debug for project communication ****
make pre-build main-build 
a9-linaro-pre-build-step
' '
'Building file: ../src/helloworld.c'
'Invoking: ARM v7 gcc compiler'
arm-none-eabi-gcc -Wall -O0 -g3 -c -fmessage-length=0 -MT"src/helloworld.o" -mcpu=cortex-a9 -mfpu=vfpv3 -mfloat-abi=hard -I../../communication_bsp/ps7_cortexa9_0/include -MMD -MP -MF"src/helloworld.d" -MT"src/helloworld.o" -o "src/helloworld.o" "../src/helloworld.c"
../src/helloworld.c: In function 'main':
../src/helloworld.c:40:6: warning: unused variable 'imageWaiting' [-Wunused-variable]
  int imageWaiting = 1;
      ^~~~~~~~~~~~
../src/helloworld.c:39:6: warning: unused variable 'totalSent' [-Wunused-variable]
  u32 totalSent = 0;
      ^~~~~~~~~
../src/helloworld.c:38:6: warning: unused variable 'totalReceived' [-Wunused-variable]
  u32 totalReceived = 0;
      ^~~~~~~~~~~~~
../src/helloworld.c:35:6: warning: unused variable 'status' [-Wunused-variable]
  u32 status;
      ^~~~~~
../src/helloworld.c:33:5: warning: unused variable 'tempArray' [-Wunused-variable]
  u8 tempArray[2500];
     ^~~~~~~~~
'Finished building: ../src/helloworld.c'
' '
'Building target: communication.elf'
'Invoking: ARM v7 gcc linker'
arm-none-eabi-gcc -mcpu=cortex-a9 -mfpu=vfpv3 -mfloat-abi=hard -Wl,-build-id=none -specs=Xilinx.spec -Wl,-T -Wl,../src/lscript.ld -L../../communication_bsp/ps7_cortexa9_0/lib -o "communication.elf"  ./src/helloworld.o ./src/platform.o   -Wl,--start-group,-lxil,-lgcc,-lc,--end-group
'Finished building target: communication.elf'
' '
'Invoking: ARM v7 Print Size'
arm-none-eabi-size communication.elf  |tee "communication.elf.size"
   text	   data	    bss	    dec	    hex	filename
  19256	   1144	  22584	  42984	   a7e8	communication.elf
'Finished building: communication.elf.size'
' '
19:58:19 **** Incremental Build of configuration Debug for project communication ****
make pre-build main-build 
a9-linaro-pre-build-step
' '
make: Nothing to be done for `main-build'.
19:58:48 **** Incremental Build of configuration Debug for project communication ****
make pre-build main-build 
a9-linaro-pre-build-step
' '
make: Nothing to be done for `main-build'.
19:59:38 **** Incremental Build of configuration Debug for project communication ****
make pre-build main-build 
a9-linaro-pre-build-step
' '
make: Nothing to be done for `main-build'.
20:00:25 **** Incremental Build of configuration Debug for project communication ****
make pre-build main-build 
a9-linaro-pre-build-step
' '
'Building file: ../src/helloworld.c'
'Invoking: ARM v7 gcc compiler'
arm-none-eabi-gcc -Wall -O0 -g3 -c -fmessage-length=0 -MT"src/helloworld.o" -mcpu=cortex-a9 -mfpu=vfpv3 -mfloat-abi=hard -I../../communication_bsp/ps7_cortexa9_0/include -MMD -MP -MF"src/helloworld.d" -MT"src/helloworld.o" -o "src/helloworld.o" "../src/helloworld.c"
../src/helloworld.c: In function 'main':
../src/helloworld.c:40:6: warning: unused variable 'imageWaiting' [-Wunused-variable]
  int imageWaiting = 1;
      ^~~~~~~~~~~~
../src/helloworld.c:39:6: warning: unused variable 'totalSent' [-Wunused-variable]
  u32 totalSent = 0;
      ^~~~~~~~~
../src/helloworld.c:38:6: warning: unused variable 'totalReceived' [-Wunused-variable]
  u32 totalReceived = 0;
      ^~~~~~~~~~~~~
../src/helloworld.c:35:6: warning: unused variable 'status' [-Wunused-variable]
  u32 status;
      ^~~~~~
../src/helloworld.c:33:5: warning: unused variable 'tempArray' [-Wunused-variable]
  u8 tempArray[2500];
     ^~~~~~~~~
'Finished building: ../src/helloworld.c'
' '
'Building target: communication.elf'
'Invoking: ARM v7 gcc linker'
arm-none-eabi-gcc -mcpu=cortex-a9 -mfpu=vfpv3 -mfloat-abi=hard -Wl,-build-id=none -specs=Xilinx.spec -Wl,-T -Wl,../src/lscript.ld -L../../communication_bsp/ps7_cortexa9_0/lib -o "communication.elf"  ./src/helloworld.o ./src/platform.o   -Wl,--start-group,-lxil,-lgcc,-lc,--end-group
'Finished building target: communication.elf'
' '
'Invoking: ARM v7 Print Size'
arm-none-eabi-size communication.elf  |tee "communication.elf.size"
   text	   data	    bss	    dec	    hex	filename
  19244	   1144	  22584	  42972	   a7dc	communication.elf
'Finished building: communication.elf.size'
' '
20:02:30 **** Incremental Build of configuration Debug for project communication ****
make pre-build main-build 
a9-linaro-pre-build-step
' '
make: Nothing to be done for `main-build'.
20:02:55 **** Incremental Build of configuration Debug for project communication ****
make pre-build main-build 
a9-linaro-pre-build-step
' '
'Building file: ../src/helloworld.c'
'Invoking: ARM v7 gcc compiler'
arm-none-eabi-gcc -Wall -O0 -g3 -c -fmessage-length=0 -MT"src/helloworld.o" -mcpu=cortex-a9 -mfpu=vfpv3 -mfloat-abi=hard -I../../communication_bsp/ps7_cortexa9_0/include -MMD -MP -MF"src/helloworld.d" -MT"src/helloworld.o" -o "src/helloworld.o" "../src/helloworld.c"
../src/helloworld.c: In function 'main':
../src/helloworld.c:40:6: warning: unused variable 'imageWaiting' [-Wunused-variable]
  int imageWaiting = 1;
      ^~~~~~~~~~~~
../src/helloworld.c:39:6: warning: unused variable 'totalSent' [-Wunused-variable]
  u32 totalSent = 0;
      ^~~~~~~~~
../src/helloworld.c:38:6: warning: unused variable 'totalReceived' [-Wunused-variable]
  u32 totalReceived = 0;
      ^~~~~~~~~~~~~
../src/helloworld.c:35:6: warning: unused variable 'status' [-Wunused-variable]
  u32 status;
      ^~~~~~
../src/helloworld.c:33:5: warning: unused variable 'tempArray' [-Wunused-variable]
  u8 tempArray[2500];
     ^~~~~~~~~
'Finished building: ../src/helloworld.c'
' '
'Building target: communication.elf'
'Invoking: ARM v7 gcc linker'
arm-none-eabi-gcc -mcpu=cortex-a9 -mfpu=vfpv3 -mfloat-abi=hard -Wl,-build-id=none -specs=Xilinx.spec -Wl,-T -Wl,../src/lscript.ld -L../../communication_bsp/ps7_cortexa9_0/lib -o "communication.elf"  ./src/helloworld.o ./src/platform.o   -Wl,--start-group,-lxil,-lgcc,-lc,--end-group
'Finished building target: communication.elf'
' '
'Invoking: ARM v7 Print Size'
arm-none-eabi-size communication.elf  |tee "communication.elf.size"
   text	   data	    bss	    dec	    hex	filename
  19244	   1144	  22584	  42972	   a7dc	communication.elf
'Finished building: communication.elf.size'
' '
13:01:12 **** Auto Build of configuration Debug for project communication ****
make pre-build main-build 
a9-linaro-pre-build-step
' '
'Building file: ../src/helloworld.c'
'Invoking: ARM v7 gcc compiler'
arm-none-eabi-gcc -Wall -O0 -g3 -c -fmessage-length=0 -MT"src/helloworld.o" -mcpu=cortex-a9 -mfpu=vfpv3 -mfloat-abi=hard -I../../communication_bsp/ps7_cortexa9_0/include -MMD -MP -MF"src/helloworld.d" -MT"src/helloworld.o" -o "src/helloworld.o" "../src/helloworld.c"
../src/helloworld.c: In function 'main':
../src/helloworld.c:42:5: warning: unused variable 'image_data' [-Wunused-variable]
  u8 image_data[64][64] = {
     ^~~~~~~~~~
../src/helloworld.c:40:6: warning: unused variable 'imageWaiting' [-Wunused-variable]
  int imageWaiting = 1;
      ^~~~~~~~~~~~
../src/helloworld.c:39:6: warning: unused variable 'totalSent' [-Wunused-variable]
  u32 totalSent = 0;
      ^~~~~~~~~
../src/helloworld.c:38:6: warning: unused variable 'totalReceived' [-Wunused-variable]
  u32 totalReceived = 0;
      ^~~~~~~~~~~~~
../src/helloworld.c:35:6: warning: unused variable 'status' [-Wunused-variable]
  u32 status;
      ^~~~~~
../src/helloworld.c:33:5: warning: unused variable 'tempArray' [-Wunused-variable]
  u8 tempArray[2500];
     ^~~~~~~~~
'Finished building: ../src/helloworld.c'
' '
'Building target: communication.elf'
'Invoking: ARM v7 gcc linker'
arm-none-eabi-gcc -mcpu=cortex-a9 -mfpu=vfpv3 -mfloat-abi=hard -Wl,-build-id=none -specs=Xilinx.spec -Wl,-T -Wl,../src/lscript.ld -L../../communication_bsp/ps7_cortexa9_0/lib -o "communication.elf"  ./src/helloworld.o ./src/platform.o   -Wl,--start-group,-lxil,-lgcc,-lc,--end-group
'Finished building target: communication.elf'
' '
'Invoking: ARM v7 Print Size'
arm-none-eabi-size communication.elf  |tee "communication.elf.size"
   text	   data	    bss	    dec	    hex	filename
  24900	   1144	  22584	  48628	   bdf4	communication.elf
'Finished building: communication.elf.size'
' '
13:01:45 **** Auto Build of configuration Debug for project communication ****
make pre-build main-build 
a9-linaro-pre-build-step
' '
make: Nothing to be done for `main-build'.
13:01:52 **** Clean-only build of configuration Debug for project communication ****
make clean 
rm -rf  ./src/helloworld.o ./src/platform.o  ./src/helloworld.d ./src/platform.d  communication.elf.size  communication.elf
' '
13:01:52 **** Auto Build of configuration Debug for project communication ****
make pre-build main-build 
a9-linaro-pre-build-step
' '
'Building file: ../src/helloworld.c'
'Invoking: ARM v7 gcc compiler'
arm-none-eabi-gcc -Wall -O0 -g3 -c -fmessage-length=0 -MT"src/helloworld.o" -mcpu=cortex-a9 -mfpu=vfpv3 -mfloat-abi=hard -I../../communication_bsp/ps7_cortexa9_0/include -MMD -MP -MF"src/helloworld.d" -MT"src/helloworld.o" -o "src/helloworld.o" "../src/helloworld.c"
../src/helloworld.c: In function 'main':
../src/helloworld.c:42:5: warning: unused variable 'image_data' [-Wunused-variable]
  u8 image_data[64][64] = {
     ^~~~~~~~~~
../src/helloworld.c:40:6: warning: unused variable 'imageWaiting' [-Wunused-variable]
  int imageWaiting = 1;
      ^~~~~~~~~~~~
../src/helloworld.c:39:6: warning: unused variable 'totalSent' [-Wunused-variable]
  u32 totalSent = 0;
      ^~~~~~~~~
../src/helloworld.c:38:6: warning: unused variable 'totalReceived' [-Wunused-variable]
  u32 totalReceived = 0;
      ^~~~~~~~~~~~~
../src/helloworld.c:35:6: warning: unused variable 'status' [-Wunused-variable]
  u32 status;
      ^~~~~~
../src/helloworld.c:33:5: warning: unused variable 'tempArray' [-Wunused-variable]
  u8 tempArray[2500];
     ^~~~~~~~~
'Finished building: ../src/helloworld.c'
' '
'Building file: ../src/platform.c'
'Invoking: ARM v7 gcc compiler'
arm-none-eabi-gcc -Wall -O0 -g3 -c -fmessage-length=0 -MT"src/platform.o" -mcpu=cortex-a9 -mfpu=vfpv3 -mfloat-abi=hard -I../../communication_bsp/ps7_cortexa9_0/include -MMD -MP -MF"src/platform.d" -MT"src/platform.o" -o "src/platform.o" "../src/platform.c"
'Finished building: ../src/platform.c'
' '
'Building target: communication.elf'
'Invoking: ARM v7 gcc linker'
arm-none-eabi-gcc -mcpu=cortex-a9 -mfpu=vfpv3 -mfloat-abi=hard -Wl,-build-id=none -specs=Xilinx.spec -Wl,-T -Wl,../src/lscript.ld -L../../communication_bsp/ps7_cortexa9_0/lib -o "communication.elf"  ./src/helloworld.o ./src/platform.o   -Wl,--start-group,-lxil,-lgcc,-lc,--end-group
'Finished building target: communication.elf'
' '
'Invoking: ARM v7 Print Size'
arm-none-eabi-size communication.elf  |tee "communication.elf.size"
   text	   data	    bss	    dec	    hex	filename
  24900	   1144	  22584	  48628	   bdf4	communication.elf
'Finished building: communication.elf.size'
' '
13:02:01 **** Auto Build of configuration Debug for project communication ****
make pre-build main-build 
a9-linaro-pre-build-step
' '
make: Nothing to be done for `main-build'.
13:03:44 **** Clean-only build of configuration Debug for project communication ****
make clean 
rm -rf  ./src/helloworld.o ./src/platform.o  ./src/helloworld.d ./src/platform.d  communication.elf.size  communication.elf
' '
13:03:44 **** Auto Build of configuration Debug for project communication ****
make pre-build main-build 
a9-linaro-pre-build-step
' '
'Building file: ../src/helloworld.c'
'Invoking: ARM v7 gcc compiler'
arm-none-eabi-gcc -Wall -O0 -g3 -c -fmessage-length=0 -MT"src/helloworld.o" -mcpu=cortex-a9 -mfpu=vfpv3 -mfloat-abi=hard -I../../communication_bsp/ps7_cortexa9_0/include -MMD -MP -MF"src/helloworld.d" -MT"src/helloworld.o" -o "src/helloworld.o" "../src/helloworld.c"
../src/helloworld.c: In function 'main':
../src/helloworld.c:42:5: warning: unused variable 'image_data' [-Wunused-variable]
  u8 image_data[64][64] = {
     ^~~~~~~~~~
../src/helloworld.c:40:6: warning: unused variable 'imageWaiting' [-Wunused-variable]
  int imageWaiting = 1;
      ^~~~~~~~~~~~
../src/helloworld.c:39:6: warning: unused variable 'totalSent' [-Wunused-variable]
  u32 totalSent = 0;
      ^~~~~~~~~
../src/helloworld.c:38:6: warning: unused variable 'totalReceived' [-Wunused-variable]
  u32 totalReceived = 0;
      ^~~~~~~~~~~~~
../src/helloworld.c:35:6: warning: unused variable 'status' [-Wunused-variable]
  u32 status;
      ^~~~~~
../src/helloworld.c:33:5: warning: unused variable 'tempArray' [-Wunused-variable]
  u8 tempArray[2500];
     ^~~~~~~~~
'Finished building: ../src/helloworld.c'
' '
'Building file: ../src/platform.c'
'Invoking: ARM v7 gcc compiler'
arm-none-eabi-gcc -Wall -O0 -g3 -c -fmessage-length=0 -MT"src/platform.o" -mcpu=cortex-a9 -mfpu=vfpv3 -mfloat-abi=hard -I../../communication_bsp/ps7_cortexa9_0/include -MMD -MP -MF"src/platform.d" -MT"src/platform.o" -o "src/platform.o" "../src/platform.c"
'Finished building: ../src/platform.c'
' '
'Building target: communication.elf'
'Invoking: ARM v7 gcc linker'
arm-none-eabi-gcc -mcpu=cortex-a9 -mfpu=vfpv3 -mfloat-abi=hard -Wl,-build-id=none -specs=Xilinx.spec -Wl,-T -Wl,../src/lscript.ld -L../../communication_bsp/ps7_cortexa9_0/lib -o "communication.elf"  ./src/helloworld.o ./src/platform.o   -Wl,--start-group,-lxil,-lgcc,-lc,--end-group
'Finished building target: communication.elf'
' '
'Invoking: ARM v7 Print Size'
arm-none-eabi-size communication.elf  |tee "communication.elf.size"
   text	   data	    bss	    dec	    hex	filename
  24900	   1144	  22584	  48628	   bdf4	communication.elf
'Finished building: communication.elf.size'
' '
13:03:54 **** Auto Build of configuration Debug for project communication ****
make pre-build main-build 
a9-linaro-pre-build-step
' '
make: Nothing to be done for `main-build'.
13:04:17 **** Auto Build of configuration Debug for project communication ****
make pre-build main-build 
a9-linaro-pre-build-step
' '
make: Nothing to be done for `main-build'.
13:04:19 **** Auto Build of configuration Debug for project communication ****
make pre-build main-build 
a9-linaro-pre-build-step
' '
'Building file: ../src/helloworld.c'
'Invoking: ARM v7 gcc compiler'
arm-none-eabi-gcc -Wall -O0 -g3 -c -fmessage-length=0 -MT"src/helloworld.o" -mcpu=cortex-a9 -mfpu=vfpv3 -mfloat-abi=hard -I../../communication_bsp/ps7_cortexa9_0/include -MMD -MP -MF"src/helloworld.d" -MT"src/helloworld.o" -o "src/helloworld.o" "../src/helloworld.c"
../src/helloworld.c: In function 'main':
../src/helloworld.c:40:6: warning: unused variable 'imageWaiting' [-Wunused-variable]
  int imageWaiting = 1;
      ^~~~~~~~~~~~
../src/helloworld.c:39:6: warning: unused variable 'totalSent' [-Wunused-variable]
  u32 totalSent = 0;
      ^~~~~~~~~
../src/helloworld.c:38:6: warning: unused variable 'totalReceived' [-Wunused-variable]
  u32 totalReceived = 0;
      ^~~~~~~~~~~~~
../src/helloworld.c:35:6: warning: unused variable 'status' [-Wunused-variable]
  u32 status;
      ^~~~~~
../src/helloworld.c:33:5: warning: unused variable 'tempArray' [-Wunused-variable]
  u8 tempArray[2500];
     ^~~~~~~~~
'Finished building: ../src/helloworld.c'
' '
'Building target: communication.elf'
'Invoking: ARM v7 gcc linker'
arm-none-eabi-gcc -mcpu=cortex-a9 -mfpu=vfpv3 -mfloat-abi=hard -Wl,-build-id=none -specs=Xilinx.spec -Wl,-T -Wl,../src/lscript.ld -L../../communication_bsp/ps7_cortexa9_0/lib -o "communication.elf"  ./src/helloworld.o ./src/platform.o   -Wl,--start-group,-lxil,-lgcc,-lc,--end-group
'Finished building target: communication.elf'
' '
'Invoking: ARM v7 Print Size'
arm-none-eabi-size communication.elf  |tee "communication.elf.size"
   text	   data	    bss	    dec	    hex	filename
  19244	   1144	  22584	  42972	   a7dc	communication.elf
'Finished building: communication.elf.size'
' '
13:07:32 **** Auto Build of configuration Debug for project communication ****
make pre-build main-build 
a9-linaro-pre-build-step
' '
'Building file: ../src/helloworld.c'
'Invoking: ARM v7 gcc compiler'
arm-none-eabi-gcc -Wall -O0 -g3 -c -fmessage-length=0 -MT"src/helloworld.o" -mcpu=cortex-a9 -mfpu=vfpv3 -mfloat-abi=hard -I../../communication_bsp/ps7_cortexa9_0/include -MMD -MP -MF"src/helloworld.d" -MT"src/helloworld.o" -o "src/helloworld.o" "../src/helloworld.c"
../src/helloworld.c: In function 'main':
../src/helloworld.c:57:16: error: expected expression before ']' token
    image_block[] = image_data[block_no*8 + for_y,block_no*8 + for_x];
                ^
../src/helloworld.c:40:6: warning: unused variable 'imageWaiting' [-Wunused-variable]
  int imageWaiting = 1;
      ^~~~~~~~~~~~
../src/helloworld.c:39:6: warning: unused variable 'totalSent' [-Wunused-variable]
  u32 totalSent = 0;
      ^~~~~~~~~
../src/helloworld.c:38:6: warning: unused variable 'totalReceived' [-Wunused-variable]
  u32 totalReceived = 0;
      ^~~~~~~~~~~~~
../src/helloworld.c:35:6: warning: unused variable 'status' [-Wunused-variable]
  u32 status;
      ^~~~~~
../src/helloworld.c:34:5: warning: variable 'image_block' set but not used [-Wunused-but-set-variable]
  u8 image_block[8][8];
     ^~~~~~~~~~~
../src/helloworld.c:33:5: warning: unused variable 'tempArray' [-Wunused-variable]
  u8 tempArray[2500];
     ^~~~~~~~~
make: *** [src/helloworld.o] Error 1
13:08:30 **** Auto Build of configuration Debug for project communication ****
make pre-build main-build 
a9-linaro-pre-build-step
' '
'Building file: ../src/helloworld.c'
'Invoking: ARM v7 gcc compiler'
arm-none-eabi-gcc -Wall -O0 -g3 -c -fmessage-length=0 -MT"src/helloworld.o" -mcpu=cortex-a9 -mfpu=vfpv3 -mfloat-abi=hard -I../../communication_bsp/ps7_cortexa9_0/include -MMD -MP -MF"src/helloworld.d" -MT"src/helloworld.o" -o "src/helloworld.o" "../src/helloworld.c"
../src/helloworld.c: In function 'main':
../src/helloworld.c:39:6: warning: unused variable 'imageWaiting' [-Wunused-variable]
  int imageWaiting = 1;
      ^~~~~~~~~~~~
../src/helloworld.c:38:6: warning: unused variable 'totalSent' [-Wunused-variable]
  u32 totalSent = 0;
      ^~~~~~~~~
../src/helloworld.c:37:6: warning: unused variable 'totalReceived' [-Wunused-variable]
  u32 totalReceived = 0;
      ^~~~~~~~~~~~~
../src/helloworld.c:34:6: warning: unused variable 'status' [-Wunused-variable]
  u32 status;
      ^~~~~~
../src/helloworld.c:33:5: warning: variable 'image_block' set but not used [-Wunused-but-set-variable]
  u8 image_block[8][8];
     ^~~~~~~~~~~
'Finished building: ../src/helloworld.c'
' '
'Building target: communication.elf'
'Invoking: ARM v7 gcc linker'
arm-none-eabi-gcc -mcpu=cortex-a9 -mfpu=vfpv3 -mfloat-abi=hard -Wl,-build-id=none -specs=Xilinx.spec -Wl,-T -Wl,../src/lscript.ld -L../../communication_bsp/ps7_cortexa9_0/lib -o "communication.elf"  ./src/helloworld.o ./src/platform.o   -Wl,--start-group,-lxil,-lgcc,-lc,--end-group
'Finished building target: communication.elf'
' '
'Invoking: ARM v7 Print Size'
arm-none-eabi-size communication.elf  |tee "communication.elf.size"
   text	   data	    bss	    dec	    hex	filename
  19428	   5240	  22584	  47252	   b894	communication.elf
'Finished building: communication.elf.size'
' '
14:46:14 **** Auto Build of configuration Debug for project communication ****
make pre-build main-build 
a9-linaro-pre-build-step
' '
'Building file: ../src/helloworld.c'
'Invoking: ARM v7 gcc compiler'
arm-none-eabi-gcc -Wall -O0 -g3 -c -fmessage-length=0 -MT"src/helloworld.o" -mcpu=cortex-a9 -mfpu=vfpv3 -mfloat-abi=hard -I../../communication_bsp/ps7_cortexa9_0/include -MMD -MP -MF"src/helloworld.d" -MT"src/helloworld.o" -o "src/helloworld.o" "../src/helloworld.c"
../src/helloworld.c: In function 'main':
../src/helloworld.c:41:6: warning: unused variable 'imageWaiting' [-Wunused-variable]
  int imageWaiting = 1;
      ^~~~~~~~~~~~
../src/helloworld.c:40:6: warning: unused variable 'totalSent' [-Wunused-variable]
  u32 totalSent = 0;
      ^~~~~~~~~
../src/helloworld.c:39:6: warning: unused variable 'totalReceived' [-Wunused-variable]
  u32 totalReceived = 0;
      ^~~~~~~~~~~~~
../src/helloworld.c:36:6: warning: unused variable 'status' [-Wunused-variable]
  u32 status;
      ^~~~~~
../src/helloworld.c:35:6: warning: unused variable 'coded_data' [-Wunused-variable]
  u32 coded_data[8][32];
      ^~~~~~~~~~
'Finished building: ../src/helloworld.c'
' '
'Building target: communication.elf'
'Invoking: ARM v7 gcc linker'
arm-none-eabi-gcc -mcpu=cortex-a9 -mfpu=vfpv3 -mfloat-abi=hard -Wl,-build-id=none -specs=Xilinx.spec -Wl,-T -Wl,../src/lscript.ld -L../../communication_bsp/ps7_cortexa9_0/lib -o "communication.elf"  ./src/helloworld.o ./src/platform.o   -Wl,--start-group,-lxil,-lgcc,-lc,--end-group
'Finished building target: communication.elf'
' '
'Invoking: ARM v7 Print Size'
arm-none-eabi-size communication.elf  |tee "communication.elf.size"
   text	   data	    bss	    dec	    hex	filename
  19536	   5240	  22584	  47360	   b900	communication.elf
'Finished building: communication.elf.size'
' '
